[grandetest.com/theme/jobhunt-html/index5.html]
[backblue.gif]
[fade.gif]
[index.html]
[grandetest.com/theme/jobhunt-html/css/bootstrap-grid.css]
[grandetest.com/theme/jobhunt-html/css/icons.css]
[grandetest.com/theme/jobhunt-html/css/animate.min.css]
[grandetest.com/theme/jobhunt-html/css/style.css]
[grandetest.com/theme/jobhunt-html/css/chosen.css]
[grandetest.com/theme/jobhunt-html/css/responsive.css]
[grandetest.com/theme/jobhunt-html/css/colors/colors.css]
[grandetest.com/theme/jobhunt-html/css/bootstrap.css]
[maxcdn.bootstrapcdn.com/font-awesome/4.5.0/css/font-awesome.min.css]
[grandetest.com/theme/jobhunt-html/images/loader.gif]
[grandetest.com/theme/jobhunt-html/images/resource/logo4.png]
[grandetest.com/theme/jobhunt-html/images/icon5.png]
[grandetest.com/theme/jobhunt-html/images/icon6.png]
[grandetest.com/theme/jobhunt-html/index.html]
[grandetest.com/theme/jobhunt-html/index2.html]
[grandetest.com/theme/jobhunt-html/index4.html]
[grandetest.com/theme/jobhunt-html/index3.html]
[grandetest.com/theme/jobhunt-html/index6.html]
[grandetest.com/theme/jobhunt-html/index7.html]
[grandetest.com/theme/jobhunt-html/index8.html]
[grandetest.com/theme/jobhunt-html/employer_list1.html]
[grandetest.com/theme/jobhunt-html/employer_list2.html]
[grandetest.com/theme/jobhunt-html/employer_list3.html]
[grandetest.com/theme/jobhunt-html/employer_list4.html]
[grandetest.com/theme/jobhunt-html/employer_manage_jobs.html]
[grandetest.com/theme/jobhunt-html/employer_single2.html]
[grandetest.com/theme/jobhunt-html/employer_single1.html]
[grandetest.com/theme/jobhunt-html/employer_packages.html]
[grandetest.com/theme/jobhunt-html/employer_post_new.html]
[grandetest.com/theme/jobhunt-html/employer_profile.html]
[grandetest.com/theme/jobhunt-html/employer_resume.html]
[grandetest.com/theme/jobhunt-html/employer_transactions.html]
[grandetest.com/theme/jobhunt-html/employer_job_alert.html]
[grandetest.com/theme/jobhunt-html/employer_change_password.html]
[grandetest.com/theme/jobhunt-html/candidates_list.html]
[grandetest.com/theme/jobhunt-html/candidates_list2.html]
[grandetest.com/theme/jobhunt-html/candidates_list3.html]
[grandetest.com/theme/jobhunt-html/candidates_single.html]
[grandetest.com/theme/jobhunt-html/candidates_single2.html]
[grandetest.com/theme/jobhunt-html/candidates_my_resume.html]
[grandetest.com/theme/jobhunt-html/candidates_my_resume_add_new.html]
[grandetest.com/theme/jobhunt-html/candidates_profile.html]
[grandetest.com/theme/jobhunt-html/candidates_shortlist.html]
[grandetest.com/theme/jobhunt-html/candidates_job_alert.html]
[grandetest.com/theme/jobhunt-html/candidates_dashboard.html]
[grandetest.com/theme/jobhunt-html/candidates_cv_cover_letter.html]
[grandetest.com/theme/jobhunt-html/candidates_change_password.html]
[grandetest.com/theme/jobhunt-html/candidates_applied_jobs.html]
[grandetest.com/theme/jobhunt-html/blog_list.html]
[grandetest.com/theme/jobhunt-html/blog_list2.html]
[grandetest.com/theme/jobhunt-html/blog_list3.html]
[grandetest.com/theme/jobhunt-html/blog_single.html]
[grandetest.com/theme/jobhunt-html/job_list_classic.html]
[grandetest.com/theme/jobhunt-html/job_list_grid.html]
[grandetest.com/theme/jobhunt-html/job_single1.html]
[grandetest.com/theme/jobhunt-html/job_single2.html]
[grandetest.com/theme/jobhunt-html/job-single3.html]
[grandetest.com/theme/jobhunt-html/404.html]
[grandetest.com/theme/jobhunt-html/job_list_modern.html]
[grandetest.com/theme/jobhunt-html/about.html]
[grandetest.com/theme/jobhunt-html/contact2.html]
[grandetest.com/theme/jobhunt-html/contact.html]
[grandetest.com/theme/jobhunt-html/faq.html]
[grandetest.com/theme/jobhunt-html/how_it_works.html]
[grandetest.com/theme/jobhunt-html/login.html]
[grandetest.com/theme/jobhunt-html/pricing.html]
[grandetest.com/theme/jobhunt-html/register.html]
[grandetest.com/theme/jobhunt-html/terms_and_condition.html]
[grandetest.com/theme/jobhunt-html/images/resource/iconmove.jpg]
[grandetest.com/theme/jobhunt-html/images/resource/mockup.png]
[grandetest.com/theme/jobhunt-html/images/resource/mockup2.png]
[grandetest.com/theme/jobhunt-html/images/resource/parallax1.jpg]
[grandetest.com/theme/jobhunt-html/images/resource/parallax5.jpg]
[grandetest.com/theme/jobhunt-html/images/resource/l1.png]
[grandetest.com/theme/jobhunt-html/images/resource/l2.png]
[grandetest.com/theme/jobhunt-html/images/resource/l3.png]
[grandetest.com/theme/jobhunt-html/images/resource/l4.png]
[grandetest.com/theme/jobhunt-html/images/resource/l5.png]
[grandetest.com/theme/jobhunt-html/images/resource/l6.png]
[grandetest.com/theme/jobhunt-html/images/resource/tc1.jpg]
[grandetest.com/theme/jobhunt-html/images/resource/tc2.jpg]
[grandetest.com/theme/jobhunt-html/images/resource/tc3.jpg]
[grandetest.com/theme/jobhunt-html/images/resource/tc4.jpg]
[grandetest.com/theme/jobhunt-html/images/resource/parallax6.jpg]
[grandetest.com/theme/jobhunt-html/images/resource/r1.jpg]
[grandetest.com/theme/jobhunt-html/images/resource/r2.jpg]
[grandetest.com/theme/jobhunt-html/images/resource/parallax7.jpg]
[grandetest.com/theme/jobhunt-html/images/resource/mockup3.png]
[grandetest.com/theme/jobhunt-html/images/resource/t1.jpg]
[grandetest.com/theme/jobhunt-html/images/resource/t2.jpg]
[grandetest.com/theme/jobhunt-html/images/resource/t3.jpg]
[grandetest.com/theme/jobhunt-html/images/resource/t4.jpg]
[grandetest.com/theme/jobhunt-html/images/resource/logo5.png]
[grandetest.com/theme/jobhunt-html/images/resource/dw3.png]
[grandetest.com/theme/jobhunt-html/images/resource/dw4.png]
[grandetest.com/cdn-cgi/scripts/5c5dd728/cloudflare-static/email-decode.min.js]
[grandetest.com/theme/jobhunt-html/js/jquery.min.js]
[grandetest.com/theme/jobhunt-html/js/modernizr.js]
[grandetest.com/theme/jobhunt-html/js/script.js]
[grandetest.com/theme/jobhunt-html/js/bootstrap.min.js]
[grandetest.com/theme/jobhunt-html/js/wow.min.js]
[grandetest.com/theme/jobhunt-html/js/slick.min.js]
[grandetest.com/theme/jobhunt-html/js/parallax.js]
[grandetest.com/theme/jobhunt-html/js/select-chosen.js]
[grandetest.com/theme/jobhunt-html/js/counter.js]
[grandetest.com/theme/jobhunt-html/index5.html]
[grandetest.com/theme/jobhunt-html/css/bootstrap-grid.css]
[grandetest.com/theme/jobhunt-html/js/mouse.js]
[grandetest.com/theme/jobhunt-html/css/fonts/line-awesomeeb4f.eot]
[grandetest.com/theme/jobhunt-html/css/fonts/line-awesomeeb4f.woff2]
[grandetest.com/theme/jobhunt-html/css/fonts/line-awesome0176.eot]
[grandetest.com/theme/jobhunt-html/css/fonts/line-awesomeeb4f.woff]
[grandetest.com/theme/jobhunt-html/css/fonts/line-awesomeeb4f.ttf]
[grandetest.com/theme/jobhunt-html/css/icons.css]
[grandetest.com/theme/jobhunt-html/css/animate.min.css]
[grandetest.com/theme/jobhunt-html/images/lines.png]
[grandetest.com/theme/jobhunt-html/images/line1.png]
[grandetest.com/theme/jobhunt-html/images/line2.png]
[grandetest.com/theme/jobhunt-html/images/line3.png]
[grandetest.com/theme/jobhunt-html/images/line4.png]
[grandetest.com/theme/jobhunt-html/css/style.css]
[grandetest.com/theme/jobhunt-html/css/responsive.css]
[grandetest.com/theme/jobhunt-html/css/chosen-sprite.png]
[grandetest.com/theme/jobhunt-html/css/chosen-sprite@2x.png]
[grandetest.com/theme/jobhunt-html/css/chosen.css]
[grandetest.com/theme/jobhunt-html/css/colors/colors.css]
[grandetest.com/theme/jobhunt-html/css/bootstrap.css]
[maxcdn.bootstrapcdn.com/font-awesome/4.5.0/css/font-awesome.min.css]
[grandetest.com/theme/jobhunt-html/images/resource/logo.png]
[grandetest.com/theme/jobhunt-html/images/icon.png]
[grandetest.com/theme/jobhunt-html/images/icon2.png]
[grandetest.com/theme/jobhunt-html/images/resource/logo10.png]
[grandetest.com/theme/jobhunt-html/images/resource/vector-1.png]
[grandetest.com/theme/jobhunt-html/images/resource/parallax2.jpg]
[grandetest.com/theme/jobhunt-html/images/resource/cc1.jpg]
[grandetest.com/theme/jobhunt-html/images/resource/cc2.jpg]
[grandetest.com/theme/jobhunt-html/images/resource/cc3.jpg]
[grandetest.com/theme/jobhunt-html/images/resource/cc4.jpg]
[grandetest.com/theme/jobhunt-html/images/resource/cc5.jpg]
[grandetest.com/theme/jobhunt-html/images/resource/parallax3.jpg]
[grandetest.com/theme/jobhunt-html/images/resource/b1.jpg]
[grandetest.com/theme/jobhunt-html/images/resource/b2.jpg]
[grandetest.com/theme/jobhunt-html/images/resource/b3.jpg]
[grandetest.com/theme/jobhunt-html/images/resource/dw1.png]
[grandetest.com/theme/jobhunt-html/images/resource/dw2.png]
[grandetest.com/theme/jobhunt-html/index.html]
[grandetest.com/theme/jobhunt-html/images/resource/mslider3.jpg]
[grandetest.com/theme/jobhunt-html/images/resource/mslider2.jpg]
[grandetest.com/theme/jobhunt-html/images/resource/mslider1.jpg]
[grandetest.com/theme/jobhunt-html/index2.html]
[grandetest.com/theme/jobhunt-html/images/resource/vector-4.png]
[grandetest.com/theme/jobhunt-html/index3.html]
[grandetest.com/theme/jobhunt-html/images/resource/vector-2.png]
[grandetest.com/theme/jobhunt-html/index4.html]
[grandetest.com/theme/jobhunt-html/css/fonts/line-awesomeeb4f.svg]
[grandetest.com/theme/jobhunt-html/images/resource/logo2.png]
[grandetest.com/theme/jobhunt-html/images/resource/jg1.png]
[grandetest.com/theme/jobhunt-html/images/resource/jg2.png]
[grandetest.com/theme/jobhunt-html/images/resource/jg3.png]
[grandetest.com/theme/jobhunt-html/images/resource/jg4.png]
[grandetest.com/theme/jobhunt-html/images/resource/jg5.png]
[grandetest.com/theme/jobhunt-html/images/resource/jg6.png]
[grandetest.com/theme/jobhunt-html/images/resource/logo3.png]
[grandetest.com/theme/jobhunt-html/index6.html]
[grandetest.com/theme/jobhunt-html/images/resource/logo6.png]
[grandetest.com/theme/jobhunt-html/images/resource/sn1.jpg]
[grandetest.com/theme/jobhunt-html/images/resource/sn2.jpg]
[grandetest.com/theme/jobhunt-html/images/resource/sn3.jpg]
[grandetest.com/theme/jobhunt-html/images/resource/logo7.png]
[grandetest.com/theme/jobhunt-html/index7.html]
[grandetest.com/theme/jobhunt-html/images/resource/logo8.png]
[grandetest.com/theme/jobhunt-html/images/resource/bg3.jpg]
[grandetest.com/theme/jobhunt-html/images/resource/mockup4.png]
[grandetest.com/theme/jobhunt-html/images/resource/logo9.png]
[grandetest.com/theme/jobhunt-html/images/resource/di.png]
[grandetest.com/theme/jobhunt-html/images/resource/di2.png]
[grandetest.com/theme/jobhunt-html/index8.html]
[grandetest.com/theme/jobhunt-html/images/resource/em1.jpg]
[grandetest.com/theme/jobhunt-html/images/resource/em2.jpg]
[grandetest.com/theme/jobhunt-html/images/resource/em3.jpg]
[grandetest.com/theme/jobhunt-html/images/resource/em4.jpg]
[grandetest.com/theme/jobhunt-html/images/resource/em5.jpg]
[grandetest.com/theme/jobhunt-html/images/resource/em6.jpg]
[grandetest.com/theme/jobhunt-html/images/resource/em7.jpg]
[grandetest.com/theme/jobhunt-html/employer_list1.html]
[grandetest.com/theme/jobhunt-html/js/jquery.scrollbar.min.js]
[grandetest.com/theme/jobhunt-html/employer_list2.html]
[grandetest.com/theme/jobhunt-html/js/rslider.js]
[grandetest.com/theme/jobhunt-html/employer_list3.html]
[grandetest.com/theme/jobhunt-html/employer_list4.html]
[grandetest.com/theme/jobhunt-html/js/isotop.js]
[grandetest.com/theme/jobhunt-html/images/resource/sdf.png]
[grandetest.com/theme/jobhunt-html/employer_single1.html]
[grandetest.com/theme/jobhunt-html/images/resource/sjs.png]
[grandetest.com/theme/jobhunt-html/employer_single2.html]
[grandetest.com/theme/jobhunt-html/images/resource/profile.jpg]
[grandetest.com/theme/jobhunt-html/employer_manage_jobs.html]
[grandetest.com/theme/jobhunt-html/employer_packages.html]
[grandetest.com/theme/jobhunt-html/js/tag.js]
[grandetest.com/theme/jobhunt-html/js/maps3.js]
[grandetest.com/theme/jobhunt-html/css/bootstrap-datepicker.css]
[grandetest.com/theme/jobhunt-html/employer_post_new.html]
[grandetest.com/theme/jobhunt-html/js/bootstrap-datepicker.js]
[grandetest.com/theme/jobhunt-html/images/resource/up1.jpg]
[grandetest.com/theme/jobhunt-html/images/resource/up2.jpg]
[grandetest.com/theme/jobhunt-html/employer_profile.html]
[grandetest.com/theme/jobhunt-html/images/resource/er1.jpg]
[grandetest.com/theme/jobhunt-html/images/resource/er2.jpg]
[grandetest.com/theme/jobhunt-html/images/resource/er3.jpg]
[grandetest.com/theme/jobhunt-html/images/resource/er4.jpg]
[grandetest.com/theme/jobhunt-html/images/resource/er5.jpg]
[grandetest.com/theme/jobhunt-html/images/resource/er6.jpg]
[grandetest.com/theme/jobhunt-html/employer_resume.html]
[grandetest.com/theme/jobhunt-html/employer_transactions.html]
[grandetest.com/theme/jobhunt-html/employer_job_alert.html]
[grandetest.com/theme/jobhunt-html/employer_change_password.html]
[grandetest.com/theme/jobhunt-html/images/resource/er7.jpg]
[grandetest.com/theme/jobhunt-html/images/resource/er8.jpg]
[grandetest.com/theme/jobhunt-html/images/resource/er9.jpg]
[grandetest.com/theme/jobhunt-html/candidates_list.html]
[grandetest.com/theme/jobhunt-html/images/resource/err1.jpg]
[grandetest.com/theme/jobhunt-html/images/resource/err2.jpg]
[grandetest.com/theme/jobhunt-html/images/resource/err3.jpg]
[grandetest.com/theme/jobhunt-html/images/resource/err4.jpg]
[grandetest.com/theme/jobhunt-html/images/resource/err5.jpg]
[grandetest.com/theme/jobhunt-html/images/resource/err6.jpg]
[grandetest.com/theme/jobhunt-html/images/resource/err7.jpg]
[grandetest.com/theme/jobhunt-html/images/resource/err8.jpg]
[grandetest.com/theme/jobhunt-html/images/resource/err9.jpg]
[grandetest.com/theme/jobhunt-html/candidates_list2.html]
[grandetest.com/theme/jobhunt-html/candidates_list3.html]
[grandetest.com/theme/jobhunt-html/js/maps.js]
[grandetest.com/theme/jobhunt-html/images/resource/es1.jpg]
[grandetest.com/theme/jobhunt-html/images/resource/p1.jpg]
[grandetest.com/theme/jobhunt-html/images/resource/p2.jpg]
[grandetest.com/theme/jobhunt-html/images/resource/p3.jpg]
[grandetest.com/theme/jobhunt-html/images/resource/p4.jpg]
[grandetest.com/theme/jobhunt-html/candidates_single.html]
[grandetest.com/theme/jobhunt-html/candidates_single2.html]
[grandetest.com/theme/jobhunt-html/images/resource/mp1.jpg]
[grandetest.com/theme/jobhunt-html/candidates_my_resume.html]
[grandetest.com/theme/jobhunt-html/candidates_my_resume_add_new.html]
[grandetest.com/theme/jobhunt-html/js/circle-progress.min.js]
[grandetest.com/theme/jobhunt-html/images/resource/mpf1.jpg]
[grandetest.com/theme/jobhunt-html/candidates_profile.html]
[grandetest.com/theme/jobhunt-html/candidates_shortlist.html]
[grandetest.com/theme/jobhunt-html/candidates_job_alert.html]
[grandetest.com/theme/jobhunt-html/candidates_dashboard.html]
[grandetest.com/theme/jobhunt-html/candidates_cv_cover_letter.html]
[grandetest.com/theme/jobhunt-html/candidates_change_password.html]
[grandetest.com/theme/jobhunt-html/candidates_applied_jobs.html]
[grandetest.com/theme/jobhunt-html/images/resource/blog1.jpg]
[grandetest.com/theme/jobhunt-html/images/resource/blog2.jpg]
[grandetest.com/theme/jobhunt-html/images/resource/blog3.jpg]
[grandetest.com/theme/jobhunt-html/images/resource/mb1.jpg]
[grandetest.com/theme/jobhunt-html/images/resource/mb2.jpg]
[grandetest.com/theme/jobhunt-html/images/resource/mb3.jpg]
[grandetest.com/theme/jobhunt-html/blog_list.html]
[grandetest.com/theme/jobhunt-html/images/resource/bl1.jpg]
[grandetest.com/theme/jobhunt-html/images/resource/bl2.jpg]
[grandetest.com/theme/jobhunt-html/images/resource/bl3.jpg]
[grandetest.com/theme/jobhunt-html/images/resource/bl4.jpg]
[grandetest.com/theme/jobhunt-html/images/resource/bl5.jpg]
[grandetest.com/theme/jobhunt-html/blog_list2.html]
[grandetest.com/theme/jobhunt-html/images/resource/b4.jpg]
[grandetest.com/theme/jobhunt-html/images/resource/b5.jpg]
[grandetest.com/theme/jobhunt-html/images/resource/b6.jpg]
[grandetest.com/theme/jobhunt-html/images/resource/b7.jpg]
[grandetest.com/theme/jobhunt-html/images/resource/b8.jpg]
[grandetest.com/theme/jobhunt-html/images/resource/b9.jpg]
[grandetest.com/theme/jobhunt-html/blog_list3.html]
[grandetest.com/theme/jobhunt-html/images/resource/bs1.jpg]
[grandetest.com/theme/jobhunt-html/images/resource/admin.jpg]
[grandetest.com/theme/jobhunt-html/images/resource/op1.jpg]
[grandetest.com/theme/jobhunt-html/images/resource/op2.jpg]
[grandetest.com/theme/jobhunt-html/images/resource/op3.jpg]
[grandetest.com/theme/jobhunt-html/images/resource/op4.jpg]
[grandetest.com/theme/jobhunt-html/images/resource/op5.jpg]
[grandetest.com/theme/jobhunt-html/images/resource/op6.jpg]
[grandetest.com/theme/jobhunt-html/blog_single.html]
[grandetest.com/theme/jobhunt-html/images/resource/banner.png]
[grandetest.com/theme/jobhunt-html/job_list_classic.html]
[grandetest.com/theme/jobhunt-html/images/resource/jg7.png]
[grandetest.com/theme/jobhunt-html/images/resource/jg8.png]
[grandetest.com/theme/jobhunt-html/images/resource/jg9.png]
[grandetest.com/theme/jobhunt-html/job_list_grid.html]
[grandetest.com/theme/jobhunt-html/job_list_modern.html]
[grandetest.com/theme/jobhunt-html/images/resource/sj.png]
[grandetest.com/theme/jobhunt-html/job_single1.html]
[grandetest.com/theme/jobhunt-html/job_single2.html]
[grandetest.com/theme/jobhunt-html/job-single3.html]
[grandetest.com/theme/jobhunt-html/images/resource/bsd1.jpg]
[grandetest.com/theme/jobhunt-html/about.html]
[grandetest.com/theme/jobhunt-html/images/404.png]
[grandetest.com/theme/jobhunt-html/404.html]
[grandetest.com/theme/jobhunt-html/contact.html]
[grandetest.com/theme/jobhunt-html/contact2.html]
[grandetest.com/theme/jobhunt-html/faq.html]
[grandetest.com/theme/jobhunt-html/js/maps2.js]
[grandetest.com/theme/jobhunt-html/images/resource/hw1.jpg]
[grandetest.com/theme/jobhunt-html/images/resource/hw2.jpg]
[grandetest.com/theme/jobhunt-html/images/resource/hw3.jpg]
[grandetest.com/theme/jobhunt-html/how_it_works.html]
[grandetest.com/theme/jobhunt-html/login.html]
[grandetest.com/theme/jobhunt-html/pricing.html]
[grandetest.com/theme/jobhunt-html/register.html]
[grandetest.com/theme/jobhunt-html/terms_and_condition.html]
[grandetest.com/theme/jobhunt-html/css/fonts/line-awesomeeb4f.svg]
[grandetest.com/theme/jobhunt-html/css/chosen-sprite@2x.html]
[grandetest.com/theme/jobhunt-html/css/bootstrap-datepicker.css]
